

================================================================
== Vitis HLS Report for 'vector_add'
================================================================
* Date:           Thu Jul 16 14:34:07 2026

* Version:        2025.2 (Build 6295257 on Nov 14 2025)
* Project:        vector_add_project
* Solution:       solution1 (Vivado IP Flow Target)
* Product family: zynquplus
* Target device:  xczu3eg-sfvc784-2-e


================================================================
== Performance Estimates
================================================================
+ Timing: 
    * Summary: 
    +--------+----------+----------+------------+
    |  Clock |  Target  | Estimated| Uncertainty|
    +--------+----------+----------+------------+
    |ap_clk  |  10.00 ns|  1.527 ns|     2.70 ns|
    +--------+----------+----------+------------+

+ Latency: 
    * Summary: 
    +---------+---------+----------+----------+-----+-----+------------------------------------------------+
    |  Latency (cycles) |  Latency (absolute) |  Interval |                    Pipeline                    |
    |   min   |   max   |    min   |    max   | min | max |                      Type                      |
    +---------+---------+----------+----------+-----+-----+------------------------------------------------+
    |       10|       10|  0.100 us|  0.100 us|    8|    8|  loop auto-rewind stp (delay=0 clock cycles(s))|
    +---------+---------+----------+----------+-----+-----+------------------------------------------------+

    + Detail: 
        * Instance: 
        N/A

        * Loop: 
        +------------------+---------+---------+----------+-----------+-----------+------+----------+
        |                  |  Latency (cycles) | Iteration|  Initiation Interval  | Trip |          |
        |     Loop Name    |   min   |   max   |  Latency |  achieved |   target  | Count| Pipelined|
        +------------------+---------+---------+----------+-----------+-----------+------+----------+
        |- VITIS_LOOP_8_1  |        8|        8|         2|          1|          1|     8|       yes|
        +------------------+---------+---------+----------+-----------+-----------+------+----------+



================================================================
== Utilization Estimates
================================================================
* Summary: 
+-----------------+---------+-----+--------+-------+-----+
|       Name      | BRAM_18K| DSP |   FF   |  LUT  | URAM|
+-----------------+---------+-----+--------+-------+-----+
|DSP              |        -|    -|       -|      -|    -|
|Expression       |        -|    -|       0|     63|    -|
|FIFO             |        -|    -|       -|      -|    -|
|Instance         |        -|    -|       -|      -|    -|
|Memory           |        -|    -|       -|      -|    -|
|Multiplexer      |        -|    -|       0|     36|    -|
|Register         |        -|    -|      10|      -|    -|
+-----------------+---------+-----+--------+-------+-----+
|Total            |        0|    0|      10|     99|    0|
+-----------------+---------+-----+--------+-------+-----+
|Available        |      432|  360|  141120|  70560|    0|
+-----------------+---------+-----+--------+-------+-----+
|Utilization (%)  |        0|    0|      ~0|     ~0|    0|
+-----------------+---------+-----+--------+-------+-----+

+ Detail: 
    * Instance: 
    N/A

    * DSP: 
    N/A

    * Memory: 
    N/A

    * FIFO: 
    N/A

    * Expression: 
    +--------------------+----------+----+---+----+------------+------------+
    |    Variable Name   | Operation| DSP| FF| LUT| Bitwidth P0| Bitwidth P1|
    +--------------------+----------+----+---+----+------------+------------+
    |add_ln9_fu_116_p2   |         +|   0|  0|  39|          32|          32|
    |i_3_fu_99_p2        |         +|   0|  0|  10|           3|           1|
    |ap_condition_89     |       and|   0|  0|   2|           1|           1|
    |icmp_ln8_fu_105_p2  |      icmp|   0|  0|  10|           3|           2|
    |ap_enable_pp0       |       xor|   0|  0|   2|           1|           2|
    +--------------------+----------+----+---+----+------------+------------+
    |Total               |          |   0|  0|  63|          40|          38|
    +--------------------+----------+----+---+----+------------+------------+

    * Multiplexer: 
    +----------------------------------+----+-----------+-----+-----------+
    |               Name               | LUT| Input Size| Bits| Total Bits|
    +----------------------------------+----+-----------+-----+-----------+
    |ap_done_int                       |   9|          2|    1|          2|
    |ap_loop_exit_ready_pp0_iter1_reg  |   9|          2|    1|          2|
    |ap_sig_allocacmp_i_1              |   9|          2|    3|          6|
    |i_fu_42                           |   9|          2|    3|          6|
    +----------------------------------+----+-----------+-----+-----------+
    |Total                             |  36|          8|    8|         16|
    +----------------------------------+----+-----------+-----+-----------+

    * Register: 
    +----------------------------------+---+----+-----+-----------+
    |               Name               | FF| LUT| Bits| Const Bits|
    +----------------------------------+---+----+-----+-----------+
    |ap_CS_fsm                         |  1|   0|    1|          0|
    |ap_done_reg                       |  1|   0|    1|          0|
    |ap_enable_reg_pp0_iter1           |  1|   0|    1|          0|
    |ap_loop_exit_ready_pp0_iter1_reg  |  1|   0|    1|          0|
    |i_fu_42                           |  3|   0|    3|          0|
    |zext_ln8_reg_130                  |  3|   0|   64|         61|
    +----------------------------------+---+----+-----+-----------+
    |Total                             | 10|   0|   71|         61|
    +----------------------------------+---+----+-----+-----------+



================================================================
== Interface
================================================================
* Summary: 
+-----------------+-----+-----+------------+--------------+--------------+
|    RTL Ports    | Dir | Bits|  Protocol  | Source Object|    C Type    |
+-----------------+-----+-----+------------+--------------+--------------+
|ap_clk           |   in|    1|  ap_ctrl_hs|    vector_add|  return value|
|ap_rst           |   in|    1|  ap_ctrl_hs|    vector_add|  return value|
|ap_start         |   in|    1|  ap_ctrl_hs|    vector_add|  return value|
|ap_done          |  out|    1|  ap_ctrl_hs|    vector_add|  return value|
|ap_idle          |  out|    1|  ap_ctrl_hs|    vector_add|  return value|
|ap_ready         |  out|    1|  ap_ctrl_hs|    vector_add|  return value|
|a_address0       |  out|    3|   ap_memory|             a|         array|
|a_ce0            |  out|    1|   ap_memory|             a|         array|
|a_q0             |   in|   32|   ap_memory|             a|         array|
|b_address0       |  out|    3|   ap_memory|             b|         array|
|b_ce0            |  out|    1|   ap_memory|             b|         array|
|b_q0             |   in|   32|   ap_memory|             b|         array|
|result_address0  |  out|    3|   ap_memory|        result|         array|
|result_ce0       |  out|    1|   ap_memory|        result|         array|
|result_we0       |  out|    1|   ap_memory|        result|         array|
|result_d0        |  out|   32|   ap_memory|        result|         array|
+-----------------+-----+-----+------------+--------------+--------------+

